
> next-app@1.0.0 build
> next build

node.exe : ÔÜá Warning: 
Next.js inferred your wo
rkspace root, but it may
 not be correct.
In Zeile:1 Zeichen:1
+ & "C:\Program Files\no
dejs/node.exe" "C:\Users
\issab\AppData\Roaming\ 
...
+ ~~~~~~~~~~~~~~~~~~~~~~
~~~~~~~~~~~~~~~~~~~~~~~~
~~~~~~~~~~~~~~~~~~~~~~~
    + CategoryInfo      
        : NotSpecified  
  : (ÔÜá Warning: Ne.   
 ..not be correct.:S    
tring) [], RemoteEx    c
eption
    + FullyQualifiedErr 
   orId : NativeComman  
  dError
 
 We detected multiple lo
ckfiles and selected the
 directory of C:\Users\i
ssab\package-lock.json a
s the root directory.
 To silence this warning
, set `turbopack.root` i
n your Next.js config, o
r consider removing one 
of the lockfiles if it's
 not needed.
   See https://nextjs.or
g/docs/app/api-reference
/config/next-config-js/t
urbopack#root-directory 
for more information.
 Detected additional loc
kfiles: 
   * C:\Users\issab\Desk
top\karimimbiss\next-app
\package-lock.json

Ôû▓ Next.js 16.1.6 (Turbopack)

  Creating an optimized production build ...

> Build error occurred
Error: Turbopack build f
ailed with 3 errors:
./Desktop/karimimbiss/ne
xt-app/app/globals.css
Error evaluating Node.js
 code
Error: It looks like you
're trying to use `tailw
indcss` directly as a Po
stCSS plugin. The PostCS
S plugin has moved to a 
separate package, so to 
continue using Tailwind 
CSS with PostCSS you'll 
need to install `@tailwi
ndcss/postcss` and updat
e your PostCSS configura
tion.
    [at at (C:\Users\iss
ab\Desktop\karimimbiss\n
ext-app\node_modules\tai
lwindcss\dist\lib.js:38:
1643)]
    at turbopack:///[tur
bopack-node]/transforms/
postcss.ts:56:14 [C:\Use
rs\issab\Desktop\karimim
biss\next-app\.next\buil
d\chunks\[root-of-the-se
rver]__e6305b6b._.js:165
:20]
    [at <anonymous>]
    at Module.init (turb
opack:///[turbopack-node
]/transforms/postcss.ts:
43:33) [C:\Users\issab\D
esktop\karimimbiss\next-
app\.next\build\chunks\[
root-of-the-server]__e63
05b6b._.js:155:35]
    at run (turbopack://
/[turbopack-node]/ipc/ev
aluate.ts:77:20) [C:\Use
rs\issab\Desktop\karimim
biss\next-app\.next\buil
d\chunks\[root-of-the-se
rver]__821f0f53._.js:429
:26]
    [at process.processT
icksAndRejections (node:
internal/process/task_qu
eues:105:5)]

Import trace:
  Client Component Brows
er:
    ./Desktop/karimimbis
s/next-app/app/globals.c
ss [Client Component Bro
wser]
    ./Desktop/karimimbis
s/next-app/app/layout.ts
x [Server Component]


./Desktop/karimimbiss/ne
xt-app/app/layout.tsx
Specified module format 
(CommonJs) is not matchi
ng the module format of 
the source code (EcmaScr
ipt Modules)
The CommonJs module form
at was specified in the 
package.json that is aff
ecting this source file 
or by using an special e
xtension, but Ecmascript
 import/export syntax is
 used in the source code
.
The module was automatic
ally converted to an Ecm
aScript module, but that
 is in conflict with the
 specified module format
. Either change the "typ
e" field in the package.
json or replace EcmaScri
pt import/export syntax 
with CommonJs syntas in 
the source file.
In some cases EcmaScript
 import/export syntax is
 added by an transform a
nd isn't actually part o
f the source code. In th
ese cases revisit transf
ormation options to inje
ct the correct syntax.


./Desktop/karimimbiss/ne
xt-app/app/page.tsx
Specified module format 
(CommonJs) is not matchi
ng the module format of 
the source code (EcmaScr
ipt Modules)
The CommonJs module form
at was specified in the 
package.json that is aff
ecting this source file 
or by using an special e
xtension, but Ecmascript
 import/export syntax is
 used in the source code
.
The module was automatic
ally converted to an Ecm
aScript module, but that
 is in conflict with the
 specified module format
. Either change the "typ
e" field in the package.
json or replace EcmaScri
pt import/export syntax 
with CommonJs syntas in 
the source file.
In some cases EcmaScript
 import/export syntax is
 added by an transform a
nd isn't actually part o
f the source code. In th
ese cases revisit transf
ormation options to inje
ct the correct syntax.


    at Module.init (turb
opack:///[turbopack-node
]/transforms/postcss.ts:
43:33) [C:\Users\issab\D
esktop\karimimbiss\next-
app\.next\build\chunks\[
root-of-the-server]__e63
05b6b._.js:155:35])
    at run (turbopack://
/[turbopack-node]/ipc/ev
aluate.ts:77:20) [C:\Use
rs\issab\Desktop\karimim
biss\next-app\.next\buil
d\chunks\[root-of-the-se
rver]__821f0f53._.js:429
:26])
